Archive member included to satisfy reference by file (symbol)

C:/ProgramData/MATLAB/SupportPackages/R2024b/3P.instrset/gnuarm-armcortex.instrset/win/bin/../lib/gcc/arm-none-eabi/13.2.1/thumb/v7e-m+fp/hard\libgcc.a(_arm_addsubdf3.o)
                              stm32_hwi_gettingstarted.o (__aeabi_dsub)
C:/ProgramData/MATLAB/SupportPackages/R2024b/3P.instrset/gnuarm-armcortex.instrset/win/bin/../lib/gcc/arm-none-eabi/13.2.1/thumb/v7e-m+fp/hard\libgcc.a(_arm_cmpdf2.o)
                              stm32_hwi_gettingstarted.o (__aeabi_dcmpeq)
C:/ProgramData/MATLAB/SupportPackages/R2024b/3P.instrset/gnuarm-armcortex.instrset/win/bin/../lib/gcc/arm-none-eabi/13.2.1/thumb/v7e-m+fp/hard\libgcc.a(_arm_fixdfsi.o)
                              stm32_hwi_gettingstarted.o (__aeabi_d2iz)
C:/ProgramData/MATLAB/SupportPackages/R2024b/3P.instrset/gnuarm-armcortex.instrset/win/bin/../lib/gcc/arm-none-eabi/13.2.1/thumb/v7e-m+fp/hard\libgcc.a(_aeabi_uldivmod.o)
                              stm32f4xx_ll_usart.o (__aeabi_uldivmod)
C:/ProgramData/MATLAB/SupportPackages/R2024b/3P.instrset/gnuarm-armcortex.instrset/win/bin/../lib/gcc/arm-none-eabi/13.2.1/thumb/v7e-m+fp/hard\libgcc.a(_udivmoddi4.o)
                              C:/ProgramData/MATLAB/SupportPackages/R2024b/3P.instrset/gnuarm-armcortex.instrset/win/bin/../lib/gcc/arm-none-eabi/13.2.1/thumb/v7e-m+fp/hard\libgcc.a(_aeabi_uldivmod.o) (__udivmoddi4)
C:/ProgramData/MATLAB/SupportPackages/R2024b/3P.instrset/gnuarm-armcortex.instrset/win/bin/../lib/gcc/arm-none-eabi/13.2.1/thumb/v7e-m+fp/hard\libgcc.a(_dvmd_tls.o)
                              C:/ProgramData/MATLAB/SupportPackages/R2024b/3P.instrset/gnuarm-armcortex.instrset/win/bin/../lib/gcc/arm-none-eabi/13.2.1/thumb/v7e-m+fp/hard\libgcc.a(_aeabi_uldivmod.o) (__aeabi_ldiv0)
C:/ProgramData/MATLAB/SupportPackages/R2024b/3P.instrset/gnuarm-armcortex.instrset/win/bin/../lib/gcc/arm-none-eabi/13.2.1/thumb/v7e-m+fp/hard\libc_nano.a(libc_a-exit.o)
                              C:/ProgramData/MATLAB/SupportPackages/R2024b/3P.instrset/gnuarm-armcortex.instrset/win/bin/../lib/gcc/arm-none-eabi/13.2.1/thumb/v7e-m+fp/hard/crt0.o (exit)
C:/ProgramData/MATLAB/SupportPackages/R2024b/3P.instrset/gnuarm-armcortex.instrset/win/bin/../lib/gcc/arm-none-eabi/13.2.1/thumb/v7e-m+fp/hard\libc_nano.a(libc_a-findfp.o)
                              C:/ProgramData/MATLAB/SupportPackages/R2024b/3P.instrset/gnuarm-armcortex.instrset/win/bin/../lib/gcc/arm-none-eabi/13.2.1/thumb/v7e-m+fp/hard\libc_nano.a(libc_a-exit.o) (__stdio_exit_handler)
C:/ProgramData/MATLAB/SupportPackages/R2024b/3P.instrset/gnuarm-armcortex.instrset/win/bin/../lib/gcc/arm-none-eabi/13.2.1/thumb/v7e-m+fp/hard\libc_nano.a(libc_a-fwalk.o)
                              C:/ProgramData/MATLAB/SupportPackages/R2024b/3P.instrset/gnuarm-armcortex.instrset/win/bin/../lib/gcc/arm-none-eabi/13.2.1/thumb/v7e-m+fp/hard\libc_nano.a(libc_a-findfp.o) (_fwalk_sglue)
C:/ProgramData/MATLAB/SupportPackages/R2024b/3P.instrset/gnuarm-armcortex.instrset/win/bin/../lib/gcc/arm-none-eabi/13.2.1/thumb/v7e-m+fp/hard\libc_nano.a(libc_a-stdio.o)
                              C:/ProgramData/MATLAB/SupportPackages/R2024b/3P.instrset/gnuarm-armcortex.instrset/win/bin/../lib/gcc/arm-none-eabi/13.2.1/thumb/v7e-m+fp/hard\libc_nano.a(libc_a-findfp.o) (__sread)
C:/ProgramData/MATLAB/SupportPackages/R2024b/3P.instrset/gnuarm-armcortex.instrset/win/bin/../lib/gcc/arm-none-eabi/13.2.1/thumb/v7e-m+fp/hard\libc_nano.a(libc_a-memset.o)
                              C:/ProgramData/MATLAB/SupportPackages/R2024b/3P.instrset/gnuarm-armcortex.instrset/win/bin/../lib/gcc/arm-none-eabi/13.2.1/thumb/v7e-m+fp/hard/crt0.o (memset)
C:/ProgramData/MATLAB/SupportPackages/R2024b/3P.instrset/gnuarm-armcortex.instrset/win/bin/../lib/gcc/arm-none-eabi/13.2.1/thumb/v7e-m+fp/hard\libc_nano.a(libc_a-closer.o)
                              C:/ProgramData/MATLAB/SupportPackages/R2024b/3P.instrset/gnuarm-armcortex.instrset/win/bin/../lib/gcc/arm-none-eabi/13.2.1/thumb/v7e-m+fp/hard\libc_nano.a(libc_a-stdio.o) (_close_r)
C:/ProgramData/MATLAB/SupportPackages/R2024b/3P.instrset/gnuarm-armcortex.instrset/win/bin/../lib/gcc/arm-none-eabi/13.2.1/thumb/v7e-m+fp/hard\libc_nano.a(libc_a-reent.o)
                              C:/ProgramData/MATLAB/SupportPackages/R2024b/3P.instrset/gnuarm-armcortex.instrset/win/bin/../lib/gcc/arm-none-eabi/13.2.1/thumb/v7e-m+fp/hard\libc_nano.a(libc_a-closer.o) (errno)
C:/ProgramData/MATLAB/SupportPackages/R2024b/3P.instrset/gnuarm-armcortex.instrset/win/bin/../lib/gcc/arm-none-eabi/13.2.1/thumb/v7e-m+fp/hard\libc_nano.a(libc_a-impure.o)
                              C:/ProgramData/MATLAB/SupportPackages/R2024b/3P.instrset/gnuarm-armcortex.instrset/win/bin/../lib/gcc/arm-none-eabi/13.2.1/thumb/v7e-m+fp/hard\libc_nano.a(libc_a-reent.o) (_impure_ptr)
[...]
Memory Configuration

Name             Origin             Length             Attributes
RAM              0x20000000         0x00020000         xrw
FLASH            0x08000000         0x00080000         xr
*default*        0x00000000         0xffffffff

Linker script and memory map

LOAD C:/ProgramData/MATLAB/SupportPackages/R2024b/3P.instrset/gnuarm-armcortex.instrset/win/bin/../lib/gcc/arm-none-eabi/13.2.1/thumb/v7e-m+fp/hard/crti.o
LOAD C:/ProgramData/MATLAB/SupportPackages/R2024b/3P.instrset/gnuarm-armcortex.instrset/win/bin/../lib/gcc/arm-none-eabi/13.2.1/thumb/v7e-m+fp/hard/crtbegin.o
LOAD C:/ProgramData/MATLAB/SupportPackages/R2024b/3P.instrset/gnuarm-armcortex.instrset/win/bin/../lib/gcc/arm-none-eabi/13.2.1/thumb/v7e-m+fp/hard/crt0.o
LOAD BlinkWrapper.o
LOAD mw_stm32_nvic.o
LOAD ert_main.o
LOAD stm32_hwi_gettingstarted.o
LOAD stm32_hwi_gettingstarted_data.o
LOAD overrideHALDelay.o
LOAD platform_timer.o
LOAD SysTickScheduler.o
LOAD m3m4m4f_multitasking.o
LOAD main.o
LOAD gpio.o
LOAD dma.o
LOAD usart.o
LOAD stm32f4xx_it.o
LOAD stm32f4xx_hal_msp.o
LOAD stm32f4xx_hal_timebase_tim.o
LOAD stm32f4xx_ll_gpio.o
LOAD stm32f4xx_ll_dma.o
LOAD stm32f4xx_hal_tim.o
LOAD stm32f4xx_hal_tim_ex.o
LOAD stm32f4xx_ll_usart.o
LOAD stm32f4xx_ll_rcc.o
LOAD stm32f4xx_ll_utils.o
LOAD stm32f4xx_ll_exti.o
LOAD stm32f4xx_hal_rcc.o
LOAD stm32f4xx_hal_rcc_ex.o
LOAD stm32f4xx_hal_flash.o
LOAD stm32f4xx_hal_flash_ex.o
LOAD stm32f4xx_hal_flash_ramfunc.o
LOAD stm32f4xx_hal_gpio.o
LOAD stm32f4xx_hal_dma_ex.o
LOAD stm32f4xx_hal_dma.o
LOAD stm32f4xx_hal_pwr.o
LOAD stm32f4xx_hal_pwr_ex.o
LOAD stm32f4xx_hal_cortex.o
LOAD stm32f4xx_hal.o
LOAD stm32f4xx_hal_exti.o
LOAD system_stm32f4xx.o
LOAD syscalls.o
LOAD sysmem.o
LOAD startup_stm32f446retx.o
LOAD C:/ProgramData/MATLAB/SupportPackages/R2024b/3P.instrset/cmsis_dsp.instrset/Lib/GCC/arm_cortexm4ldfsp_math/libCMSISDSP.a
LOAD C:/ProgramData/MATLAB/SupportPackages/R2024b/toolbox/shared/supportpackages/stm32/lib/GCC/libmw_pdmfilter_m4_spfp.lib
LOAD C:/ProgramData/MATLAB/SupportPackages/R2024b/3P.instrset/gnuarm-armcortex.instrset/win/bin/../lib/gcc/arm-none-eabi/13.2.1/thumb/v7e-m+fp/hard\libstdc++_nano.a
LOAD C:/ProgramData/MATLAB/SupportPackages/R2024b/3P.instrset/gnuarm-armcortex.instrset/win/bin/../lib/gcc/arm-none-eabi/13.2.1/thumb/v7e-m+fp/hard\libm.a
START GROUP
LOAD C:/ProgramData/MATLAB/SupportPackages/R2024b/3P.instrset/gnuarm-armcortex.instrset/win/bin/../lib/gcc/arm-none-eabi/13.2.1/thumb/v7e-m+fp/hard\libgcc.a
LOAD C:/ProgramData/MATLAB/SupportPackages/R2024b/3P.instrset/gnuarm-armcortex.instrset/win/bin/../lib/gcc/arm-none-eabi/13.2.1/thumb/v7e-m+fp/hard\libc_nano.a
END GROUP
START GROUP
LOAD C:/ProgramData/MATLAB/SupportPackages/R2024b/3P.instrset/gnuarm-armcortex.instrset/win/bin/../lib/gcc/arm-none-eabi/13.2.1/thumb/v7e-m+fp/hard\libgcc.a
LOAD C:/ProgramData/MATLAB/SupportPackages/R2024b/3P.instrset/gnuarm-armcortex.instrset/win/bin/../lib/gcc/arm-none-eabi/13.2.1/thumb/v7e-m+fp/hard\libc_nano.a
LOAD C:/ProgramData/MATLAB/SupportPackages/R2024b/3P.instrset/gnuarm-armcortex.instrset/win/bin/../lib/gcc/arm-none-eabi/13.2.1/thumb/v7e-m+fp/hard\libnosys.a
END GROUP
START GROUP
LOAD C:/ProgramData/MATLAB/SupportPackages/R2024b/3P.instrset/gnuarm-armcortex.instrset/win/bin/../lib/gcc/arm-none-eabi/13.2.1/thumb/v7e-m+fp/hard\libgcc.a
LOAD C:/ProgramData/MATLAB/SupportPackages/R2024b/3P.instrset/gnuarm-armcortex.instrset/win/bin/../lib/gcc/arm-none-eabi/13.2.1/thumb/v7e-m+fp/hard\libc_nano.a
LOAD C:/ProgramData/MATLAB/SupportPackages/R2024b/3P.instrset/gnuarm-armcortex.instrset/win/bin/../lib/gcc/arm-none-eabi/13.2.1/thumb/v7e-m+fp/hard\libnosys.a
END GROUP
LOAD C:/ProgramData/MATLAB/SupportPackages/R2024b/3P.instrset/gnuarm-armcortex.instrset/win/bin/../lib/gcc/arm-none-eabi/13.2.1/thumb/v7e-m+fp/hard/crtend.o
LOAD C:/ProgramData/MATLAB/SupportPackages/R2024b/3P.instrset/gnuarm-armcortex.instrset/win/bin/../lib/gcc/arm-none-eabi/13.2.1/thumb/v7e-m+fp/hard/crtn.o
                0x20020000                        _estack = (ORIGIN (RAM) + LENGTH (RAM))
                0x00000200                        _Min_Heap_Size = 0x200
                0x00000400                        _Min_Stack_Size = 0x400

.isr_vector     0x08000000      0x1c4
                0x08000000                        . = ALIGN (0x4)
 *(.isr_vector)
 .isr_vector    0x08000000      0x1c4 startup_stm32f446retx.o
                0x08000000                g_pfnVectors
                0x080001c4                        . = ALIGN (0x4)

.text           0x080001c4     0x37a0
                0x080001c4                        . = ALIGN (0x4)
 *(.text)
 .text          0x080001c4      0x378 C:/ProgramData/MATLAB/SupportPackages/R2024b/3P.instrset/gnuarm-armcortex.instrset/win/bin/../lib/gcc/arm-none-eabi/13.2.1/thumb/v7e-m+fp/hard\libgcc.a(_arm_addsubdf3.o)
                0x080001c4                __aeabi_drsub
                0x080001cc                __aeabi_dsub
                0x080001cc                __subdf3
                0x080001d0                __aeabi_dadd
                0x080001d0                __adddf3
                0x08000448                __floatunsidf
                0x08000448                __aeabi_ui2d
                0x08000468                __floatsidf
                0x08000468                __aeabi_i2d
                0x0800048c                __aeabi_f2d
                0x0800048c                __extendsfdf2
                0x080004d0                __floatundidf
                0x080004d0                __aeabi_ul2d
                0x080004e0                __floatdidf
                0x080004e0                __aeabi_l2d
 .text          0x0800053c      0x110 C:/ProgramData/MATLAB/SupportPackages/R2024b/3P.instrset/gnuarm-armcortex.instrset/win/bin/../lib/gcc/arm-none-eabi/13.2.1/thumb/v7e-m+fp/hard\libgcc.a(_arm_cmpdf2.o)
                0x0800053c                __gtdf2
                0x0800053c                __gedf2
                0x08000544                __ltdf2
                0x08000544                __ledf2
                0x0800054c                __nedf2
                0x0800054c                __eqdf2
                0x0800054c                __cmpdf2
                0x080005c8                __aeabi_cdrcmple
                0x080005d8                __aeabi_cdcmpeq
                0x080005d8                __aeabi_cdcmple
                0x080005e8                __aeabi_dcmpeq
                0x080005fc                __aeabi_dcmplt
                0x08000610                __aeabi_dcmple
                0x08000624                __aeabi_dcmpge
                0x08000638                __aeabi_dcmpgt
 .text          0x0800064c       0x50 C:/ProgramData/MATLAB/SupportPackages/R2024b/3P.instrset/gnuarm-armcortex.instrset/win/bin/../lib/gcc/arm-none-eabi/13.2.1/thumb/v7e-m+fp/hard\libgcc.a(_arm_fixdfsi.o)
                0x0800064c                __aeabi_d2iz
                0x0800064c                __fixdfsi
 .text          0x0800069c       0x30 C:/ProgramData/MATLAB/SupportPackages/R2024b/3P.instrset/gnuarm-armcortex.instrset/win/bin/../lib/gcc/arm-none-eabi/13.2.1/thumb/v7e-m+fp/hard\libgcc.a(_aeabi_uldivmod.o)
                0x0800069c                __aeabi_uldivmod
 .text          0x080006cc        0x4 C:/ProgramData/MATLAB/SupportPackages/R2024b/3P.instrset/gnuarm-armcortex.instrset/win/bin/../lib/gcc/arm-none-eabi/13.2.1/thumb/v7e-m+fp/hard\libgcc.a(_dvmd_tls.o)
                0x080006cc                __aeabi_idiv0
                0x080006cc                __aeabi_ldiv0
 *(.text*)
 .text.deregister_tm_clones
                0x080006d0       0x1c C:/ProgramData/MATLAB/SupportPackages/R2024b/3P.instrset/gnuarm-armcortex.instrset/win/bin/../lib/gcc/arm-none-eabi/13.2.1/thumb/v7e-m+fp/hard/crtbegin.o
 .text.register_tm_clones
                0x080006ec       0x24 C:/ProgramData/MATLAB/SupportPackages/R2024b/3P.instrset/gnuarm-armcortex.instrset/win/bin/../lib/gcc/arm-none-eabi/13.2.1/thumb/v7e-m+fp/hard/crtbegin.o
 .text.__do_global_dtors_aux
                0x08000710       0x28 C:/ProgramData/MATLAB/SupportPackages/R2024b/3P.instrset/gnuarm-armcortex.instrset/win/bin/../lib/gcc/arm-none-eabi/13.2.1/thumb/v7e-m+fp/hard/crtbegin.o
 .text.frame_dummy
                0x08000738       0x24 C:/ProgramData/MATLAB/SupportPackages/R2024b/3P.instrset/gnuarm-armcortex.instrset/win/bin/../lib/gcc/arm-none-eabi/13.2.1/thumb/v7e-m+fp/hard/crtbegin.o
 .text.BlinkWrapper_Init
                0x0800075c       0x16 BlinkWrapper.o
                0x0800075c                BlinkWrapper_Init
 .text.BlinkWrapper_Step
                0x08000772        0xe BlinkWrapper.o
                0x08000772                BlinkWrapper_Step
 .text.__NVIC_SetPriority
                0x08000780       0x54 mw_stm32_nvic.o
 .text.MW_NVIC_ConfigureIRQ
                0x080007d4       0x26 mw_stm32_nvic.o
                0x080007d4                MW_NVIC_ConfigureIRQ
 *fill*         0x080007fa        0x2 
 .text.rt_OneStep
                0x080007fc      0x144 ert_main.o
                0x080007fc                rt_OneStep
 .text.main     0x08000940       0xd8 ert_main.o
                0x08000940                main
 .text.__NVIC_EnableIRQ
                0x08000a18       0x3c stm32_hwi_gettingstarted.o
 .text.__NVIC_DisableIRQ
                0x08000a54       0x48 stm32_hwi_gettingstarted.o
 .text.LL_EXTI_IsEnabledIT_0_31
                0x08000a9c       0x2c stm32_hwi_gettingstarted.o
 .text.LL_EXTI_IsActiveFlag_0_31
                0x08000ac8       0x2c stm32_hwi_gettingstarted.o
 .text.LL_EXTI_ClearFlag_0_31
                0x08000af4       0x20 stm32_hwi_gettingstarted.o
 .text.LL_GPIO_SetOutputPin
                0x08000b14       0x1c stm32_hwi_gettingstarted.o
 .text.LL_GPIO_ResetOutputPin
                0x08000b30       0x1e stm32_hwi_gettingstarted.o
 *fill*         0x08000b4e        0x2 
 .text.stm32_hwi_gettingstarted_SetEventsForThisBaseStep
                0x08000b50       0x40 stm32_hwi_gettingstarted.o
                0x08000b50                stm32_hwi_gettingstarted_SetEventsForThisBaseStep
 .text.rate_monotonic_scheduler
                0x08000b90       0x68 stm32_hwi_gettingstarted.o
 .text.stm32_hwi_gettingstarted_step0
                0x08000bf8      0x144 stm32_hwi_gettingstarted.o
                0x08000bf8                stm32_hwi_gettingstarted_step0
 .text.stm32_hwi_gettingstarted_step1
                0x08000d3c       0x9c stm32_hwi_gettingstarted.o
                0x08000d3c                stm32_hwi_gettingstarted_step1
 .text.stm32_hwi_gettingstarted_step2
                0x08000dd8       0x9c stm32_hwi_gettingstarted.o
                0x08000dd8                stm32_hwi_gettingstarted_step2
 .text.stm32_hwi_gettingstarted_initialize
                0x08000e74       0x74 stm32_hwi_gettingstarted.o
                0x08000e74                stm32_hwi_gettingstarted_initialize
 .text.stm32_hwi_gettingstarted_terminate
                0x08000ee8       0x20 stm32_hwi_gettingstarted.o
                0x08000ee8                stm32_hwi_gettingstarted_terminate
 .text.stm32_hwi_gettingstarted_configure_interrupts
                0x08000f08       0x1c stm32_hwi_gettingstarted.o
                0x08000f08                stm32_hwi_gettingstarted_configure_interrupts
 .text.EXTI15_10_IRQHandler
                0x08000f24       0xa4 stm32_hwi_gettingstarted.o
                0x08000f24                EXTI15_10_IRQHandler
 .text.stm32_hwi_gettingstarted_unconfigure_interrupts
                0x08000fc8        0xe stm32_hwi_gettingstarted.o
                0x08000fc8                stm32_hwi_gettingstarted_unconfigure_interrupts
 *fill*         0x08000fd6        0x2 
 .text.PeriphCommonClock_Config
                0x08000fd8       0x10 platform_timer.o
                0x08000fd8                PeriphCommonClock_Config
 .text.__NVIC_SetPriority
                0x08000fe8       0x54 SysTickScheduler.o
 .text.SysTick_Config
                0x0800103c       0x44 SysTickScheduler.o
 .text.SysTick_Isr
                0x08001080       0x48 SysTickScheduler.o
 .text.SysTick_Handler
                0x080010c8       0x20 SysTickScheduler.o
                0x080010c8                SysTick_Handler
 .text.ARMCM_SysTick_Config
                0x080010e8       0xb8 SysTickScheduler.o
                0x080010e8                ARMCM_SysTick_Config
 .text.PendSV_Handler
                0x080011a0       0x44 m3m4m4f_multitasking.o
                0x080011a0                PendSV_Handler
 .text.SVC_Handler
                0x080011e4       0x58 m3m4m4f_multitasking.o
                0x080011e4                SVC_Handler
 .text.LL_RCC_HSI_Enable
                0x0800123c       0x20 main.o
 .text.LL_RCC_HSI_IsReady
                0x0800125c       0x24 main.o
 .text.LL_RCC_HSI_SetCalibTrimming
                0x08001280       0x2c main.o
 .text.LL_RCC_SetSysClkSource
                0x080012ac       0x28 main.o
 .text.LL_RCC_GetSysClkSource
                0x080012d4       0x1c main.o
 .text.LL_RCC_SetAHBPrescaler
                0x080012f0       0x28 main.o
 .text.LL_RCC_SetAPB1Prescaler
                0x08001318       0x28 main.o
 .text.LL_RCC_SetAPB2Prescaler
                0x08001340       0x28 main.o
 .text.LL_RCC_SetTIMPrescaler
                0x08001368       0x2c main.o
 .text.LL_RCC_PLL_Enable
                0x08001394       0x20 main.o
 .text.LL_RCC_PLL_IsReady
                0x080013b4       0x28 main.o
 .text.LL_RCC_PLL_ConfigDomain_SYS
                0x080013dc       0x5c main.o
 .text.LL_FLASH_SetLatency
                0x08001438       0x28 main.o
 .text.LL_FLASH_GetLatency
                0x08001460       0x1c main.o
 .text.LL_PWR_DisableOverDriveMode
                0x0800147c       0x20 main.o
 .text.LL_PWR_SetRegulVoltageScaling
                0x0800149c       0x28 main.o
 .text.SystemClock_Config
                0x080014c4       0xa4 main.o
                0x080014c4                SystemClock_Config
 .text.HAL_TIM_PeriodElapsedCallback
                0x08001568       0x24 main.o
                0x08001568                HAL_TIM_PeriodElapsedCallback
 .text.Error_Handler
                0x0800158c        0xc main.o
                0x0800158c                Error_Handler
 .text.LL_AHB1_GRP1_EnableClock
                0x08001598       0x30 gpio.o
 .text.LL_SYSCFG_SetEXTISource
                0x080015c8       0x6c gpio.o
 .text.LL_GPIO_SetPinMode
                0x08001634       0x7a gpio.o
 .text.LL_GPIO_SetPinPull
                0x080016ae       0x7a gpio.o
 .text.LL_GPIO_ResetOutputPin
                0x08001728       0x1e gpio.o
 *fill*         0x08001746        0x2 
 .text.MX_GPIO_Init
                0x08001748       0xb4 gpio.o
                0x08001748                MX_GPIO_Init
 .text.__NVIC_GetPriorityGrouping
                0x080017fc       0x1c dma.o
 .text.__NVIC_EnableIRQ
                0x08001818       0x3c dma.o
 .text.__NVIC_SetPriority
                0x08001854       0x54 dma.o
 .text.NVIC_EncodePriority
                0x080018a8       0x66 dma.o
 *fill*         0x0800190e        0x2 
 .text.LL_AHB1_GRP1_EnableClock
                0x08001910       0x30 dma.o
 .text.MX_DMA_Init
                0x08001940       0x30 dma.o
                0x08001940                MX_DMA_Init
 .text.LL_DMA_SetDataTransferDirection
                0x08001970       0x48 usart.o
 .text.LL_DMA_SetMode
                0x080019b8       0x48 usart.o
 .text.LL_DMA_SetPeriphIncMode
                0x08001a00       0x48 usart.o
 .text.LL_DMA_SetMemoryIncMode
                0x08001a48       0x48 usart.o
 .text.LL_DMA_SetPeriphSize
                0x08001a90       0x48 usart.o
 .text.LL_DMA_SetMemorySize
                0x08001ad8       0x48 usart.o
 .text.LL_DMA_SetStreamPriorityLevel
                0x08001b20       0x48 usart.o
 .text.LL_DMA_SetChannelSelection
                0x08001b68       0x48 usart.o
 .text.LL_DMA_DisableFifoMode
                0x08001bb0       0x40 usart.o
 .text.LL_AHB1_GRP1_EnableClock
                0x08001bf0       0x30 usart.o
 .text.LL_APB1_GRP1_EnableClock
                0x08001c20       0x30 usart.o
 .text.LL_USART_Enable
                0x08001c50       0x20 usart.o
 .text.LL_USART_ConfigAsyncMode
                0x08001c70       0x2c usart.o
 .text.MX_USART2_UART_Init
                0x08001c9c      0x100 usart.o
                0x08001c9c                MX_USART2_UART_Init
 .text.NMI_Handler
                0x08001d9c        0x8 stm32f4xx_it.o
                0x08001d9c                NMI_Handler
 .text.HardFault_Handler
                0x08001da4        0x8 stm32f4xx_it.o
                0x08001da4                HardFault_Handler
 .text.MemManage_Handler
                0x08001dac        0x8 stm32f4xx_it.o
                0x08001dac                MemManage_Handler
 .text.BusFault_Handler
                0x08001db4        0x8 stm32f4xx_it.o
                0x08001db4                BusFault_Handler
 .text.UsageFault_Handler
                0x08001dbc        0x8 stm32f4xx_it.o
                0x08001dbc                UsageFault_Handler
 .text.DebugMon_Handler
                0x08001dc4        0xe stm32f4xx_it.o
                0x08001dc4                DebugMon_Handler
 .text.DMA1_Stream5_IRQHandler
                0x08001dd2        0xe stm32f4xx_it.o
                0x08001dd2                DMA1_Stream5_IRQHandler
 .text.TIM5_IRQHandler
                0x08001de0       0x14 stm32f4xx_it.o
                0x08001de0                TIM5_IRQHandler
 .text.HAL_MspInit
                0x08001df4       0x50 stm32f4xx_hal_msp.o
                0x08001df4                HAL_MspInit
 .text.HAL_InitTick
                0x08001e44       0xb4 stm32f4xx_hal_timebase_tim.o
                0x08001e44                HAL_InitTick
 .text.LL_GPIO_SetPinMode
                0x08001ef8       0x7a stm32f4xx_ll_gpio.o
 .text.LL_GPIO_SetPinOutputType
                0x08001f72       0x30 stm32f4xx_ll_gpio.o
 .text.LL_GPIO_SetPinSpeed
                0x08001fa2       0x7a stm32f4xx_ll_gpio.o
 .text.LL_GPIO_SetPinPull
                0x0800201c       0x7a stm32f4xx_ll_gpio.o
 .text.LL_GPIO_SetAFPin_0_7
                0x08002096       0x7a stm32f4xx_ll_gpio.o
 .text.LL_GPIO_SetAFPin_8_15
                0x08002110       0x7e stm32f4xx_ll_gpio.o
 .text.LL_GPIO_Init
                0x0800218e      0x102 stm32f4xx_ll_gpio.o
                0x0800218e                LL_GPIO_Init
 .text.HAL_TIM_Base_Init
                0x08002290       0x9e stm32f4xx_hal_tim.o
                0x08002290                HAL_TIM_Base_Init
 .text.HAL_TIM_Base_MspInit
                0x0800232e       0x14 stm32f4xx_hal_tim.o
                0x0800232e                HAL_TIM_Base_MspInit
 *fill*         0x08002342        0x2 
 .text.HAL_TIM_Base_Start_IT
                0x08002344       0xe0 stm32f4xx_hal_tim.o
                0x08002344                HAL_TIM_Base_Start_IT
 .text.HAL_TIM_IRQHandler
                0x08002424      0x210 stm32f4xx_hal_tim.o
                0x08002424                HAL_TIM_IRQHandler
 .text.HAL_TIM_OC_DelayElapsedCallback
                0x08002634       0x14 stm32f4xx_hal_tim.o
                0x08002634                HAL_TIM_OC_DelayElapsedCallback
 .text.HAL_TIM_IC_CaptureCallback
                0x08002648       0x14 stm32f4xx_hal_tim.o
                0x08002648                HAL_TIM_IC_CaptureCallback
 .text.HAL_TIM_PWM_PulseFinishedCallback
                0x0800265c       0x14 stm32f4xx_hal_tim.o
                0x0800265c                HAL_TIM_PWM_PulseFinishedCallback
 .text.HAL_TIM_TriggerCallback
                0x08002670       0x14 stm32f4xx_hal_tim.o
                0x08002670                HAL_TIM_TriggerCallback
 .text.TIM_Base_SetConfig
                0x08002684      0x140 stm32f4xx_hal_tim.o
                0x08002684                TIM_Base_SetConfig
 .text.HAL_TIMEx_CommutCallback
                0x080027c4       0x14 stm32f4xx_hal_tim_ex.o
                0x080027c4                HAL_TIMEx_CommutCallback
 .text.HAL_TIMEx_BreakCallback
                0x080027d8       0x14 stm32f4xx_hal_tim_ex.o
                0x080027d8                HAL_TIMEx_BreakCallback
 .text.LL_USART_IsEnabled
                0x080027ec       0x28 stm32f4xx_ll_usart.o
 .text.LL_USART_SetStopBitsLength
                0x08002814       0x26 stm32f4xx_ll_usart.o
 .text.LL_USART_SetHWFlowCtrl
                0x0800283a       0x26 stm32f4xx_ll_usart.o
 .text.LL_USART_SetBaudRate
                0x08002860      0x45c stm32f4xx_ll_usart.o
 .text.LL_USART_Init
                0x08002cbc      0x100 stm32f4xx_ll_usart.o
                0x08002cbc                LL_USART_Init
 .text.LL_RCC_GetSysClkSource
                0x08002dbc       0x1c stm32f4xx_ll_rcc.o
 .text.LL_RCC_GetAHBPrescaler
                0x08002dd8       0x1c stm32f4xx_ll_rcc.o
 .text.LL_RCC_GetAPB1Prescaler
                0x08002df4       0x1c stm32f4xx_ll_rcc.o
 .text.LL_RCC_GetAPB2Prescaler
                0x08002e10       0x1c stm32f4xx_ll_rcc.o
 .text.LL_RCC_PLL_GetMainSource
                0x08002e2c       0x1c stm32f4xx_ll_rcc.o
 .text.LL_RCC_PLL_GetN
                0x08002e48       0x1c stm32f4xx_ll_rcc.o
 .text.LL_RCC_PLL_GetP
                0x08002e64       0x1c stm32f4xx_ll_rcc.o
 .text.LL_RCC_PLL_GetR
                0x08002e80       0x1c stm32f4xx_ll_rcc.o
 .text.LL_RCC_PLL_GetDivider
                0x08002e9c       0x1c stm32f4xx_ll_rcc.o
 .text.LL_RCC_GetSystemClocksFreq
                0x08002eb8       0x4a stm32f4xx_ll_rcc.o
                0x08002eb8                LL_RCC_GetSystemClocksFreq
 *fill*         0x08002f02        0x2 
 .text.RCC_GetSystemClockFreq
                0x08002f04       0x88 stm32f4xx_ll_rcc.o
                0x08002f04                RCC_GetSystemClockFreq
 .text.RCC_GetHCLKClockFreq
                0x08002f8c       0x2c stm32f4xx_ll_rcc.o
                0x08002f8c                RCC_GetHCLKClockFreq
 .text.RCC_GetPCLK1ClockFreq
                0x08002fb8       0x28 stm32f4xx_ll_rcc.o
                0x08002fb8                RCC_GetPCLK1ClockFreq
 .text.RCC_GetPCLK2ClockFreq
                0x08002fe0       0x28 stm32f4xx_ll_rcc.o
                0x08002fe0                RCC_GetPCLK2ClockFreq
 .text.RCC_PLL_GetFreqDomain_SYS
                0x08003008       0xa4 stm32f4xx_ll_rcc.o
                0x08003008                RCC_PLL_GetFreqDomain_SYS
 .text.LL_SetSystemCoreClock
                0x080030ac       0x20 stm32f4xx_ll_utils.o
                0x080030ac                LL_SetSystemCoreClock
 .text.LL_EXTI_EnableIT_0_31
                0x080030cc       0x24 stm32f4xx_ll_exti.o
 .text.LL_EXTI_DisableIT_0_31
                0x080030f0       0x28 stm32f4xx_ll_exti.o
 .text.LL_EXTI_EnableEvent_0_31
                0x08003118       0x24 stm32f4xx_ll_exti.o
 .text.LL_EXTI_DisableEvent_0_31
                0x0800313c       0x28 stm32f4xx_ll_exti.o
 .text.LL_EXTI_EnableRisingTrig_0_31
                0x08003164       0x24 stm32f4xx_ll_exti.o
 .text.LL_EXTI_DisableRisingTrig_0_31
                0x08003188       0x28 stm32f4xx_ll_exti.o
 .text.LL_EXTI_EnableFallingTrig_0_31
                0x080031b0       0x24 stm32f4xx_ll_exti.o
 .text.LL_EXTI_DisableFallingTrig_0_31
                0x080031d4       0x28 stm32f4xx_ll_exti.o
 .text.LL_EXTI_Init
                0x080031fc       0xfe stm32f4xx_ll_exti.o
                0x080031fc                LL_EXTI_Init
 *fill*         0x080032fa        0x2 
 .text.HAL_RCC_GetHCLKFreq
                0x080032fc       0x18 stm32f4xx_hal_rcc.o
                0x080032fc                HAL_RCC_GetHCLKFreq
 .text.HAL_RCC_GetPCLK1Freq
                0x08003314       0x28 stm32f4xx_hal_rcc.o
                0x08003314                HAL_RCC_GetPCLK1Freq
 .text.HAL_RCC_GetClockConfig
                0x0800333c       0x64 stm32f4xx_hal_rcc.o
                0x0800333c                HAL_RCC_GetClockConfig
 .text.__NVIC_SetPriorityGrouping
                0x080033a0       0x48 stm32f4xx_hal_cortex.o
 .text.__NVIC_GetPriorityGrouping
                0x080033e8       0x1c stm32f4xx_hal_cortex.o
 .text.__NVIC_EnableIRQ
                0x08003404       0x3c stm32f4xx_hal_cortex.o
 .text.__NVIC_SetPriority
                0x08003440       0x54 stm32f4xx_hal_cortex.o
 .text.NVIC_EncodePriority
                0x08003494       0x66 stm32f4xx_hal_cortex.o
 .text.HAL_NVIC_SetPriorityGrouping
                0x080034fa       0x16 stm32f4xx_hal_cortex.o
                0x080034fa                HAL_NVIC_SetPriorityGrouping
 .text.HAL_NVIC_SetPriority
                0x08003510       0x38 stm32f4xx_hal_cortex.o
                0x08003510                HAL_NVIC_SetPriority
 .text.HAL_NVIC_EnableIRQ
                0x08003548       0x1c stm32f4xx_hal_cortex.o
                0x08003548                HAL_NVIC_EnableIRQ
 .text.HAL_Init
                0x08003564       0x44 stm32f4xx_hal.o
                0x08003564                HAL_Init
 .text.HAL_IncTick
                0x080035a8       0x28 stm32f4xx_hal.o
                0x080035a8                HAL_IncTick
 .text.SystemInit
                0x080035d0       0x24 system_stm32f4xx.o
                0x080035d0                SystemInit
 .text.Reset_Handler
                0x080035f4       0x50 startup_stm32f446retx.o
                0x080035f4                Reset_Handler
 .text.Default_Handler
                0x08003644        0x2 startup_stm32f446retx.o
                0x08003644                RTC_Alarm_IRQHandler
                0x08003644                EXTI2_IRQHandler
                0x08003644                TIM8_CC_IRQHandler
                0x08003644                FMPI2C1_EV_IRQHandler
                0x08003644                SPI4_IRQHandler
                0x08003644                TIM1_CC_IRQHandler
                0x08003644                DMA2_Stream5_IRQHandler
                0x08003644                PVD_IRQHandler
                0x08003644                SDIO_IRQHandler
                0x08003644                TAMP_STAMP_IRQHandler
                0x08003644                CAN2_RX1_IRQHandler
                0x08003644                EXTI3_IRQHandler
                0x08003644                TIM8_TRG_COM_TIM14_IRQHandler
                0x08003644                TIM1_UP_TIM10_IRQHandler
                0x08003644                TIM8_UP_TIM13_IRQHandler
                0x08003644                I2C3_ER_IRQHandler
                0x08003644                EXTI0_IRQHandler
                0x08003644                I2C2_EV_IRQHandler
                0x08003644                DMA1_Stream2_IRQHandler
                0x08003644                CAN1_RX0_IRQHandler
                0x08003644                FPU_IRQHandler
                0x08003644                OTG_HS_WKUP_IRQHandler
                0x08003644                CAN2_SCE_IRQHandler
                0x08003644                DMA2_Stream2_IRQHandler
                0x08003644                SPI1_IRQHandler
                0x08003644                TIM6_DAC_IRQHandler
                0x08003644                TIM1_BRK_TIM9_IRQHandler
                0x08003644                DCMI_IRQHandler
                0x08003644                CAN2_RX0_IRQHandler
                0x08003644                DMA2_Stream3_IRQHandler
                0x08003644                SAI2_IRQHandler
                0x08003644                USART6_IRQHandler
                0x08003644                USART3_IRQHandler
                0x08003644                CAN1_RX1_IRQHandler
                0x08003644                UART5_IRQHandler
                0x08003644                DMA2_Stream0_IRQHandler
                0x08003644                TIM4_IRQHandler
                0x08003644                QUADSPI_IRQHandler
                0x08003644                I2C1_EV_IRQHandler
                0x08003644                DMA1_Stream6_IRQHandler
                0x08003644                DMA1_Stream1_IRQHandler
                0x08003644                UART4_IRQHandler
                0x08003644                TIM3_IRQHandler
                0x08003644                RCC_IRQHandler
                0x08003644                TIM8_BRK_TIM12_IRQHandler
                0x08003644                Default_Handler
                0x08003644                CEC_IRQHandler
                0x08003644                ADC_IRQHandler
                0x08003644                DMA1_Stream7_IRQHandler
                0x08003644                TIM7_IRQHandler
                0x08003644                CAN2_TX_IRQHandler
                0x08003644                DMA2_Stream7_IRQHandler
                0x08003644                I2C3_EV_IRQHandler
                0x08003644                EXTI9_5_IRQHandler
                0x08003644                RTC_WKUP_IRQHandler
                0x08003644                SPDIF_RX_IRQHandler
                0x08003644                SPI2_IRQHandler
                0x08003644                OTG_HS_EP1_IN_IRQHandler
                0x08003644                DMA1_Stream0_IRQHandler
                0x08003644                CAN1_TX_IRQHandler
                0x08003644                FMPI2C1_ER_IRQHandler
                0x08003644                EXTI4_IRQHandler
                0x08003644                OTG_HS_EP1_OUT_IRQHandler
                0x08003644                WWDG_IRQHandler
                0x08003644                TIM2_IRQHandler
                0x08003644                OTG_FS_WKUP_IRQHandler
                0x08003644                TIM1_TRG_COM_TIM11_IRQHandler
                0x08003644                OTG_HS_IRQHandler
                0x08003644                EXTI1_IRQHandler
                0x08003644                USART2_IRQHandler
                0x08003644                I2C2_ER_IRQHandler
                0x08003644                DMA2_Stream1_IRQHandler
                0x08003644                CAN1_SCE_IRQHandler
                0x08003644                FLASH_IRQHandler
                0x08003644                DMA2_Stream4_IRQHandler
                0x08003644                USART1_IRQHandler
                0x08003644                OTG_FS_IRQHandler
                0x08003644                SPI3_IRQHandler
                0x08003644                DMA1_Stream4_IRQHandler
                0x08003644                I2C1_ER_IRQHandler
                0x08003644                FMC_IRQHandler
                0x08003644                DMA2_Stream6_IRQHandler
                0x08003644                SAI1_IRQHandler
                0x08003644                DMA1_Stream3_IRQHandler
 *fill*         0x08003646        0x2 
 .text.__udivmoddi4
                0x08003648      0x2bc C:/ProgramData/MATLAB/SupportPackages/R2024b/3P.instrset/gnuarm-armcortex.instrset/win/bin/../lib/gcc/arm-none-eabi/13.2.1/thumb/v7e-m+fp/hard\libgcc.a(_udivmoddi4.o)
                0x08003648                __udivmoddi4
 .text.__libc_init_array
                0x08003904       0x48 C:/ProgramData/MATLAB/SupportPackages/R2024b/3P.instrset/gnuarm-armcortex.instrset/win/bin/../lib/gcc/arm-none-eabi/13.2.1/thumb/v7e-m+fp/hard\libc_nano.a(libc_a-init.o)
                0x08003904                __libc_init_array
 *(.glue_7)
 .glue_7        0x0800394c        0x0 linker stubs
 *(.glue_7t)
 .glue_7t       0x0800394c        0x0 linker stubs
 *(.eh_frame)
 .eh_frame      0x0800394c        0x0 C:/ProgramData/MATLAB/SupportPackages/R2024b/3P.instrset/gnuarm-armcortex.instrset/win/bin/../lib/gcc/arm-none-eabi/13.2.1/thumb/v7e-m+fp/hard/crtbegin.o
 *(.init)
 .init          0x0800394c        0x4 C:/ProgramData/MATLAB/SupportPackages/R2024b/3P.instrset/gnuarm-armcortex.instrset/win/bin/../lib/gcc/arm-none-eabi/13.2.1/thumb/v7e-m+fp/hard/crti.o
                0x0800394c                _init
 .init          0x08003950        0x8 C:/ProgramData/MATLAB/SupportPackages/R2024b/3P.instrset/gnuarm-armcortex.instrset/win/bin/../lib/gcc/arm-none-eabi/13.2.1/thumb/v7e-m+fp/hard/crtn.o
 *(.fini)
 .fini          0x08003958        0x4 C:/ProgramData/MATLAB/SupportPackages/R2024b/3P.instrset/gnuarm-armcortex.instrset/win/bin/../lib/gcc/arm-none-eabi/13.2.1/thumb/v7e-m+fp/hard/crti.o
                0x08003958                _fini
 .fini          0x0800395c        0x8 C:/ProgramData/MATLAB/SupportPackages/R2024b/3P.instrset/gnuarm-armcortex.instrset/win/bin/../lib/gcc/arm-none-eabi/13.2.1/thumb/v7e-m+fp/hard/crtn.o
                0x08003964                        . = ALIGN (0x4)
                0x08003964                        _etext = .

.vfp11_veneer   0x08003964        0x0
 .vfp11_veneer  0x08003964        0x0 linker stubs

.v4_bx          0x08003964        0x0
 .v4_bx         0x08003964        0x0 linker stubs

.iplt           0x08003964        0x0
 .iplt          0x08003964        0x0 C:/ProgramData/MATLAB/SupportPackages/R2024b/3P.instrset/gnuarm-armcortex.instrset/win/bin/../lib/gcc/arm-none-eabi/13.2.1/thumb/v7e-m+fp/hard/crtbegin.o

.rodata         0x08003964       0x24
                0x08003964                        . = ALIGN (0x4)
 *(.rodata)
 *(.rodata*)
 .rodata.stm32_hwi_gettingstarted_M
                0x08003964        0x4 stm32_hwi_gettingstarted.o
                0x08003964                stm32_hwi_gettingstarted_M
 .rodata.STREAM_OFFSET_TAB
                0x08003968        0x8 usart.o
 .rodata.AHBPrescTable
                0x08003970       0x10 system_stm32f4xx.o
                0x08003970                AHBPrescTable
 .rodata.APBPrescTable
                0x08003980        0x8 system_stm32f4xx.o
                0x08003980                APBPrescTable
                0x08003988                        . = ALIGN (0x4)

.ARM.extab      0x08003988        0x0
                0x08003988                        . = ALIGN (0x4)
 *(.ARM.extab* .gnu.linkonce.armextab.*)
                0x08003988                        . = ALIGN (0x4)

.ARM            0x08003988        0x8
                0x08003988                        . = ALIGN (0x4)
                0x08003988                        __exidx_start = .
 *(.ARM.exidx*)
 .ARM.exidx.text.__udivmoddi4
                0x08003988        0x8 C:/ProgramData/MATLAB/SupportPackages/R2024b/3P.instrset/gnuarm-armcortex.instrset/win/bin/../lib/gcc/arm-none-eabi/13.2.1/thumb/v7e-m+fp/hard\libgcc.a(_udivmoddi4.o)
                0x08003990                        __exidx_end = .
                0x08003990                        . = ALIGN (0x4)

.rel.dyn        0x08003990        0x0
 .rel.iplt      0x08003990        0x0 C:/ProgramData/MATLAB/SupportPackages/R2024b/3P.instrset/gnuarm-armcortex.instrset/win/bin/../lib/gcc/arm-none-eabi/13.2.1/thumb/v7e-m+fp/hard/crtbegin.o

.preinit_array  0x08003990        0x0
                0x08003990                        . = ALIGN (0x4)
                0x08003990                        PROVIDE (__preinit_array_start = .)
 *(.preinit_array*)
                0x08003990                        PROVIDE (__preinit_array_end = .)
                0x08003990                        . = ALIGN (0x4)

.init_array     0x08003990        0x4
                0x08003990                        . = ALIGN (0x4)
                0x08003990                        PROVIDE (__init_array_start = .)
 *(SORT_BY_NAME(.init_array.*))
 *(.init_array*)
 .init_array    0x08003990        0x4 C:/ProgramData/MATLAB/SupportPackages/R2024b/3P.instrset/gnuarm-armcortex.instrset/win/bin/../lib/gcc/arm-none-eabi/13.2.1/thumb/v7e-m+fp/hard/crtbegin.o
                0x08003994                        PROVIDE (__init_array_end = .)
                0x08003994                        . = ALIGN (0x4)

.fini_array     0x08003994        0x4
                0x08003994                        . = ALIGN (0x4)
                [!provide]                        PROVIDE (__fini_array_start = .)
 *(SORT_BY_NAME(.fini_array.*))
 *(.fini_array*)
 .fini_array    0x08003994        0x4 C:/ProgramData/MATLAB/SupportPackages/R2024b/3P.instrset/gnuarm-armcortex.instrset/win/bin/../lib/gcc/arm-none-eabi/13.2.1/thumb/v7e-m+fp/hard/crtbegin.o
                [!provide]                        PROVIDE (__fini_array_end = .)
                0x08003998                        . = ALIGN (0x4)
                0x08003998                        _sidata = LOADADDR (.data)

.data           0x20000000       0xa8 load address 0x08003998
                0x20000000                        . = ALIGN (0x4)
                0x20000000                        _sdata = .
 *(.data)
 *(.data*)
 .data.stm32_hwi_gettingstarted_P
                0x20000000       0xa0 stm32_hwi_gettingstarted_data.o
                0x20000000                stm32_hwi_gettingstarted_P
 .data.uwTickFreq
                0x200000a0        0x1 stm32f4xx_hal.o
                0x200000a0                uwTickFreq
 *fill*         0x200000a1        0x3 
 .data.SystemCoreClock
                0x200000a4        0x4 system_stm32f4xx.o
                0x200000a4                SystemCoreClock
 *(.RamFunc)
 *(.RamFunc*)
                0x200000a8                        . = ALIGN (0x4)
                0x200000a8                        _edata = .

.tm_clone_table
                0x200000a8        0x0 load address 0x08003a40
 .tm_clone_table
                0x200000a8        0x0 C:/ProgramData/MATLAB/SupportPackages/R2024b/3P.instrset/gnuarm-armcortex.instrset/win/bin/../lib/gcc/arm-none-eabi/13.2.1/thumb/v7e-m+fp/hard/crtbegin.o
 .tm_clone_table
                0x200000a8        0x0 C:/ProgramData/MATLAB/SupportPackages/R2024b/3P.instrset/gnuarm-armcortex.instrset/win/bin/../lib/gcc/arm-none-eabi/13.2.1/thumb/v7e-m+fp/hard/crtend.o

.igot.plt       0x200000a8        0x0 load address 0x08003a40
 .igot.plt      0x200000a8        0x0 C:/ProgramData/MATLAB/SupportPackages/R2024b/3P.instrset/gnuarm-armcortex.instrset/win/bin/../lib/gcc/arm-none-eabi/13.2.1/thumb/v7e-m+fp/hard/crtbegin.o
                0x200000a8                        . = ALIGN (0x4)

.bss            0x200000a8       0xdc load address 0x08003a40
                0x200000a8                        _sbss = .
                0x200000a8                        __bss_start__ = _sbss
 *(.bss)
 *(.bss*)
 .bss.completed.1
                0x200000a8        0x1 C:/ProgramData/MATLAB/SupportPackages/R2024b/3P.instrset/gnuarm-armcortex.instrset/win/bin/../lib/gcc/arm-none-eabi/13.2.1/thumb/v7e-m+fp/hard/crtbegin.o
 *fill*         0x200000a9        0x3 
 .bss.object.0  0x200000ac       0x18 C:/ProgramData/MATLAB/SupportPackages/R2024b/3P.instrset/gnuarm-armcortex.instrset/win/bin/../lib/gcc/arm-none-eabi/13.2.1/thumb/v7e-m+fp/hard/crtbegin.o
 .bss.IsrOverrun
                0x200000c4        0x4 ert_main.o
                0x200000c4                IsrOverrun
 .bss.isRateRunning
                0x200000c8        0x3 ert_main.o
                0x200000c8                isRateRunning
 *fill*         0x200000cb        0x1 
 .bss.need2runFlags
                0x200000cc        0x3 ert_main.o
                0x200000cc                need2runFlags
 .bss.stopRequested
                0x200000cf        0x1 ert_main.o
                0x200000cf                stopRequested
 .bss.runModel  0x200000d0        0x1 ert_main.o
                0x200000d0                runModel
 *fill*         0x200000d1        0x7 
 .bss.stm32_hwi_gettingstarted_B
                0x200000d8       0x18 stm32_hwi_gettingstarted.o
                0x200000d8                stm32_hwi_gettingstarted_B
 .bss.stm32_hwi_gettingstarted_DW
                0x200000f0       0x30 stm32_hwi_gettingstarted.o
                0x200000f0                stm32_hwi_gettingstarted_DW
 .bss.stm32_hwi_gettingstarted_M_
                0x20000120        0xc stm32_hwi_gettingstarted.o
 .bss.schdl_counter
                0x2000012c        0x4 SysTickScheduler.o
                0x2000012c                schdl_counter
 .bss.schdl_counter_max
                0x20000130        0x4 SysTickScheduler.o
                0x20000130                schdl_counter_max
 .bss.taskToSchedule
                0x20000134        0x4 m3m4m4f_multitasking.o
                0x20000134                taskToSchedule
 .bss.htim5     0x20000138       0x48 stm32f4xx_hal_timebase_tim.o
                0x20000138                htim5
 .bss.uwTick    0x20000180        0x4 stm32f4xx_hal.o
                0x20000180                uwTick
 *(COMMON)
                0x20000184                        . = ALIGN (0x4)
                0x20000184                        _ebss = .
                0x20000184                        __bss_end__ = _ebss

._user_heap_stack
                0x20000184      0x604 load address 0x08003a40
                0x20000188                        . = ALIGN (0x8)
 *fill*         0x20000184        0x4 
                [!provide]                        PROVIDE (end = .)
                0x20000188                        PROVIDE (_end = .)
                0x20000388                        . = (. + _Min_Heap_Size)
 *fill*         0x20000188      0x200 
                0x20000788                        . = (. + _Min_Stack_Size)
 *fill*         0x20000388      0x400 
                0x20000788                        . = ALIGN (0x8)

/DISCARD/
 libc.a(*)
 libm.a(*)
 libgcc.a(*)

.ARM.attributes
                0x00000000       0x30
 *(.ARM.attributes)
 .ARM.attributes
                0x00000000       0x22 C:/ProgramData/MATLAB/SupportPackages/R2024b/3P.instrset/gnuarm-armcortex.instrset/win/bin/../lib/gcc/arm-none-eabi/13.2.1/thumb/v7e-m+fp/hard/crti.o
 .ARM.attributes
                0x00000022       0x34 C:/ProgramData/MATLAB/SupportPackages/R2024b/3P.instrset/gnuarm-armcortex.instrset/win/bin/../lib/gcc/arm-none-eabi/13.2.1/thumb/v7e-m+fp/hard/crtbegin.o
 .ARM.attributes
                0x00000056       0x34 BlinkWrapper.o
 .ARM.attributes
                0x0000008a       0x34 mw_stm32_nvic.o
 .ARM.attributes
                0x000000be       0x34 ert_main.o
 .ARM.attributes
                0x000000f2       0x34 stm32_hwi_gettingstarted.o
 .ARM.attributes
                0x00000126       0x34 stm32_hwi_gettingstarted_data.o
 .ARM.attributes
                0x0000015a       0x34 platform_timer.o
 .ARM.attributes
                0x0000018e       0x34 SysTickScheduler.o
 .ARM.attributes
                0x000001c2       0x34 m3m4m4f_multitasking.o
 .ARM.attributes
                0x000001f6       0x34 main.o
 .ARM.attributes
                0x0000022a       0x34 gpio.o
 .ARM.attributes
                0x0000025e       0x34 dma.o
 .ARM.attributes
                0x00000292       0x34 usart.o
 .ARM.attributes
                0x000002c6       0x34 stm32f4xx_it.o
 .ARM.attributes
                0x000002fa       0x34 stm32f4xx_hal_msp.o
 .ARM.attributes
                0x0000032e       0x34 stm32f4xx_hal_timebase_tim.o
 .ARM.attributes
                0x00000362       0x34 stm32f4xx_ll_gpio.o
 .ARM.attributes
                0x00000396       0x34 stm32f4xx_hal_tim.o
 .ARM.attributes
                0x000003ca       0x34 stm32f4xx_hal_tim_ex.o
 .ARM.attributes
                0x000003fe       0x34 stm32f4xx_ll_usart.o
 .ARM.attributes
                0x00000432       0x34 stm32f4xx_ll_rcc.o
 .ARM.attributes
                0x00000466       0x34 stm32f4xx_ll_utils.o
 .ARM.attributes
                0x0000049a       0x34 stm32f4xx_ll_exti.o
 .ARM.attributes
                0x000004ce       0x34 stm32f4xx_hal_rcc.o
 .ARM.attributes
                0x00000502       0x34 stm32f4xx_hal_cortex.o
 .ARM.attributes
                0x00000536       0x34 stm32f4xx_hal.o
 .ARM.attributes
                0x0000056a       0x34 system_stm32f4xx.o
 .ARM.attributes
                0x0000059e       0x21 startup_stm32f446retx.o
 .ARM.attributes
                0x000005bf       0x22 C:/ProgramData/MATLAB/SupportPackages/R2024b/3P.instrset/gnuarm-armcortex.instrset/win/bin/../lib/gcc/arm-none-eabi/13.2.1/thumb/v7e-m+fp/hard\libgcc.a(_arm_addsubdf3.o)
 .ARM.attributes
                0x000005e1       0x22 C:/ProgramData/MATLAB/SupportPackages/R2024b/3P.instrset/gnuarm-armcortex.instrset/win/bin/../lib/gcc/arm-none-eabi/13.2.1/thumb/v7e-m+fp/hard\libgcc.a(_arm_cmpdf2.o)
 .ARM.attributes
                0x00000603       0x22 C:/ProgramData/MATLAB/SupportPackages/R2024b/3P.instrset/gnuarm-armcortex.instrset/win/bin/../lib/gcc/arm-none-eabi/13.2.1/thumb/v7e-m+fp/hard\libgcc.a(_arm_fixdfsi.o)
 .ARM.attributes
                0x00000625       0x22 C:/ProgramData/MATLAB/SupportPackages/R2024b/3P.instrset/gnuarm-armcortex.instrset/win/bin/../lib/gcc/arm-none-eabi/13.2.1/thumb/v7e-m+fp/hard\libgcc.a(_aeabi_uldivmod.o)
 .ARM.attributes
                0x00000647       0x34 C:/ProgramData/MATLAB/SupportPackages/R2024b/3P.instrset/gnuarm-armcortex.instrset/win/bin/../lib/gcc/arm-none-eabi/13.2.1/thumb/v7e-m+fp/hard\libgcc.a(_udivmoddi4.o)
 .ARM.attributes
                0x0000067b       0x22 C:/ProgramData/MATLAB/SupportPackages/R2024b/3P.instrset/gnuarm-armcortex.instrset/win/bin/../lib/gcc/arm-none-eabi/13.2.1/thumb/v7e-m+fp/hard\libgcc.a(_dvmd_tls.o)
 .ARM.attributes
                0x0000069d       0x34 C:/ProgramData/MATLAB/SupportPackages/R2024b/3P.instrset/gnuarm-armcortex.instrset/win/bin/../lib/gcc/arm-none-eabi/13.2.1/thumb/v7e-m+fp/hard\libc_nano.a(libc_a-init.o)
 .ARM.attributes
                0x000006d1       0x34 C:/ProgramData/MATLAB/SupportPackages/R2024b/3P.instrset/gnuarm-armcortex.instrset/win/bin/../lib/gcc/arm-none-eabi/13.2.1/thumb/v7e-m+fp/hard/crtend.o
 .ARM.attributes
                0x00000705       0x22 C:/ProgramData/MATLAB/SupportPackages/R2024b/3P.instrset/gnuarm-armcortex.instrset/win/bin/../lib/gcc/arm-none-eabi/13.2.1/thumb/v7e-m+fp/hard/crtn.o
OUTPUT(../stm32_hwi_gettingstarted.elf elf32-littlearm)
LOAD linker stubs
LOAD C:/ProgramData/MATLAB/SupportPackages/R2024b/3P.instrset/gnuarm-armcortex.instrset/win/bin/../lib/gcc/arm-none-eabi/13.2.1/thumb/v7e-m+fp/hard\libc.a
LOAD C:/ProgramData/MATLAB/SupportPackages/R2024b/3P.instrset/gnuarm-armcortex.instrset/win/bin/../lib/gcc/arm-none-eabi/13.2.1/thumb/v7e-m+fp/hard\libm.a
LOAD C:/ProgramData/MATLAB/SupportPackages/R2024b/3P.instrset/gnuarm-armcortex.instrset/win/bin/../lib/gcc/arm-none-eabi/13.2.1/thumb/v7e-m+fp/hard\libgcc.a

.comment        0x00000000       0x44
 .comment       0x00000000       0x44 BlinkWrapper.o
                                 0x45 (size before relaxing)
 .comment       0x00000044       0x45 mw_stm32_nvic.o
 .comment       0x00000044       0x45 ert_main.o
 .comment       0x00000044       0x45 stm32_hwi_gettingstarted.o
 .comment       0x00000044       0x45 stm32_hwi_gettingstarted_data.o
 .comment       0x00000044       0x45 platform_timer.o
 .comment       0x00000044       0x45 SysTickScheduler.o
 .comment       0x00000044       0x45 m3m4m4f_multitasking.o
 .comment       0x00000044       0x45 main.o
 .comment       0x00000044       0x45 gpio.o
 .comment       0x00000044       0x45 dma.o
 .comment       0x00000044       0x45 usart.o
 .comment       0x00000044       0x45 stm32f4xx_it.o
 .comment       0x00000044       0x45 stm32f4xx_hal_msp.o
 .comment       0x00000044       0x45 stm32f4xx_hal_timebase_tim.o
 .comment       0x00000044       0x45 stm32f4xx_ll_gpio.o
 .comment       0x00000044       0x45 stm32f4xx_hal_tim.o
 .comment       0x00000044       0x45 stm32f4xx_hal_tim_ex.o
 .comment       0x00000044       0x45 stm32f4xx_ll_usart.o
 .comment       0x00000044       0x45 stm32f4xx_ll_rcc.o
 .comment       0x00000044       0x45 stm32f4xx_ll_utils.o
 .comment       0x00000044       0x45 stm32f4xx_ll_exti.o
 .comment       0x00000044       0x45 stm32f4xx_hal_rcc.o
 .comment       0x00000044       0x45 stm32f4xx_hal_cortex.o
 .comment       0x00000044       0x45 stm32f4xx_hal.o
 .comment       0x00000044       0x45 system_stm32f4xx.o

.debug_line_str
                0x00000000       0xe2
 .debug_line_str
                0x00000000       0xe2 C:/ProgramData/MATLAB/SupportPackages/R2024b/3P.instrset/gnuarm-armcortex.instrset/win/bin/../lib/gcc/arm-none-eabi/13.2.1/thumb/v7e-m+fp/hard\libgcc.a(_arm_addsubdf3.o)
                                 0xce (size before relaxing)
 .debug_line_str
                0x000000e2       0xce C:/ProgramData/MATLAB/SupportPackages/R2024b/3P.instrset/gnuarm-armcortex.instrset/win/bin/../lib/gcc/arm-none-eabi/13.2.1/thumb/v7e-m+fp/hard\libgcc.a(_arm_cmpdf2.o)
 .debug_line_str
                0x000000e2       0xce C:/ProgramData/MATLAB/SupportPackages/R2024b/3P.instrset/gnuarm-armcortex.instrset/win/bin/../lib/gcc/arm-none-eabi/13.2.1/thumb/v7e-m+fp/hard\libgcc.a(_arm_fixdfsi.o)
 .debug_line_str
                0x000000e2       0xc9 C:/ProgramData/MATLAB/SupportPackages/R2024b/3P.instrset/gnuarm-armcortex.instrset/win/bin/../lib/gcc/arm-none-eabi/13.2.1/thumb/v7e-m+fp/hard\libgcc.a(_aeabi_uldivmod.o)
 .debug_line_str
                0x000000e2       0xcd C:/ProgramData/MATLAB/SupportPackages/R2024b/3P.instrset/gnuarm-armcortex.instrset/win/bin/../lib/gcc/arm-none-eabi/13.2.1/thumb/v7e-m+fp/hard\libgcc.a(_dvmd_tls.o)

.debug_frame    0x00000000      0x220
 .debug_frame   0x00000000       0xac C:/ProgramData/MATLAB/SupportPackages/R2024b/3P.instrset/gnuarm-armcortex.instrset/win/bin/../lib/gcc/arm-none-eabi/13.2.1/thumb/v7e-m+fp/hard\libgcc.a(_arm_addsubdf3.o)
 .debug_frame   0x000000ac       0xc4 C:/ProgramData/MATLAB/SupportPackages/R2024b/3P.instrset/gnuarm-armcortex.instrset/win/bin/../lib/gcc/arm-none-eabi/13.2.1/thumb/v7e-m+fp/hard\libgcc.a(_arm_cmpdf2.o)
 .debug_frame   0x00000170       0x24 C:/ProgramData/MATLAB/SupportPackages/R2024b/3P.instrset/gnuarm-armcortex.instrset/win/bin/../lib/gcc/arm-none-eabi/13.2.1/thumb/v7e-m+fp/hard\libgcc.a(_arm_fixdfsi.o)
 .debug_frame   0x00000194       0x2c C:/ProgramData/MATLAB/SupportPackages/R2024b/3P.instrset/gnuarm-armcortex.instrset/win/bin/../lib/gcc/arm-none-eabi/13.2.1/thumb/v7e-m+fp/hard\libgcc.a(_aeabi_uldivmod.o)
 .debug_frame   0x000001c0       0x34 C:/ProgramData/MATLAB/SupportPackages/R2024b/3P.instrset/gnuarm-armcortex.instrset/win/bin/../lib/gcc/arm-none-eabi/13.2.1/thumb/v7e-m+fp/hard\libgcc.a(_udivmoddi4.o)
 .debug_frame   0x000001f4       0x2c C:/ProgramData/MATLAB/SupportPackages/R2024b/3P.instrset/gnuarm-armcortex.instrset/win/bin/../lib/gcc/arm-none-eabi/13.2.1/thumb/v7e-m+fp/hard\libc_nano.a(libc_a-init.o)
